// Jest Snapshot v1, https://goo.gl/fbAQLP

exports[`can add new items - 2 1`] = `
Array [
  Object {
    "op": "add",
    "path": "/items/0",
    "value": Object {
      "image": "super test image",
      "name": "super test name",
      "price": 14.88,
    },
  },
  Object {
    "op": "replace",
    "path": "/items/0/name",
    "value": "another test name",
  },
]
`;
